// Jest Snapshot v1, https://goo.gl/fbAQLP

exports[`Button Has a valid snapshot 1`] = `
<button
  className=""
  onClick={undefined}
  type="button"
>
  Button
</button>
`;
